// Jest Snapshot v1, https://goo.gl/fbAQLP

exports[`ColumnDebugTable renders correctly 1`] = `ShallowWrapper {}`;
