// Jest Snapshot v1, https://goo.gl/fbAQLP

exports[`ColumnImage renders correctly 1`] = `ShallowWrapper {}`;
