// Jest Snapshot v1, https://goo.gl/fbAQLP

exports[`ColumnInfo renders correctly 1`] = `ShallowWrapper {}`;
