// Jest Snapshot v1, https://goo.gl/fbAQLP

exports[`ColumnMenu renders correctly 1`] = `ShallowWrapper {}`;
