// Jest Snapshot v1, https://goo.gl/fbAQLP

exports[`RowHeader renders correctly 1`] = `ShallowWrapper {}`;
